[davisdigitalconsulting.com/index.html]
[backblue.gif]
[fade.gif]
[index.html]
[davisdigitalconsulting.com/wp-content/uploads/2024/02/Davis-2.png]
[davisdigitalconsulting.com/wp-content/themes/astra/assets/css/minified/frontend.min287d.css]
[davisdigitalconsulting.com/wp-content/themes/astra/assets/fonts/astra.woff]
[davisdigitalconsulting.com/wp-content/plugins/contact-form-7/includes/css/stylese2db.css]
[davisdigitalconsulting.com/wp-content/themes/astra/assets/css/minified/compatibility/contact-form-7-main.min287d.css]
[davisdigitalconsulting.com/wp-content/plugins/elementor/assets/css/frontend.min2401.css]
[davisdigitalconsulting.com/wp-content/plugins/elementor/assets/lib/swiper/v8/css/swiper.min94a4.css]
[davisdigitalconsulting.com/wp-content/plugins/elementor/assets/css/conditionals/e-swiper.min2401.css]
[davisdigitalconsulting.com/wp-content/uploads/elementor/css/post-1399357e.css]
[davisdigitalconsulting.com/wp-content/plugins/elementor/assets/lib/animations/animations.min2401.css]
[davisdigitalconsulting.com/wp-content/uploads/elementor/css/post-1463357e.css]
[davisdigitalconsulting.com/wp-content/plugins/essential-addons-for-elementor-lite/assets/front-end/css/view/general.mindc24.css]
[davisdigitalconsulting.com/wp-includes/js/jquery/jquery.minf43b.js]
[davisdigitalconsulting.com/wp-includes/js/jquery/jquery-migrate.min5589.js]
[davisdigitalconsulting.com/xmlrpc.php]
[davisdigitalconsulting.com/wp-content/uploads/2022/07/elementor/thumbs/Davis-6-psef5ybhhhvk036c4jepm09vgr0unxicpcvx7dydmc.png]
[davisdigitalconsulting.com/wp-content/uploads/2022/07/elementor/thumbs/Davis-6-psef5ybjba27f3exqwpgs4jf0rcankbxj1rofho7o0.png]
[davisdigitalconsulting.com/wp-content/uploads/2022/03/cropped-Davis-2-125x125.png]
[davisdigitalconsulting.com/about/index.html]
[davisdigitalconsulting.com/services/index.html]
[davisdigitalconsulting.com/get-started/index.html]
[davisdigitalconsulting.com/blog/index.html]
[davisdigitalconsulting.com/case-studies/index.html]
[davisdigitalconsulting.com/web-design-services/index.html]
[davisdigitalconsulting.com/seo-services/index.html]
[davisdigitalconsulting.com/wp-content/uploads/2020/08/testimonial.jpg]
[davisdigitalconsulting.com/social-media-management/index.html]
[davisdigitalconsulting.com/ads-management/index.html]
[davisdigitalconsulting.com/wp-content/uploads/2022/03/Davis-2.png]
[davisdigitalconsulting.com/ecommerce/index.html]
[davisdigitalconsulting.com/voip-sms-rvm/index.html]
[davisdigitalconsulting.com/wp-content/plugins/elementor/assets/css/widget-heading.min2401.css]
[davisdigitalconsulting.com/privacy-policy-2/index.html]
[davisdigitalconsulting.com/wp-content/plugins/elementor/assets/css/widget-text-editor.min2401.css]
[davisdigitalconsulting.com/wp-content/plugins/elementor/assets/css/widget-icon-box.min2401.css]
[davisdigitalconsulting.com/wp-content/plugins/elementor/assets/css/widget-testimonial.min2401.css]
[davisdigitalconsulting.com/wp-content/themes/astra/assets/js/minified/frontend.min287d.js]
[davisdigitalconsulting.com/wp-includes/js/dist/hooks.min2757.js]
[davisdigitalconsulting.com/wp-includes/js/dist/i18n.minc33c.js]
[davisdigitalconsulting.com/wp-content/plugins/contact-form-7/includes/swv/js/indexe2db.js]
[davisdigitalconsulting.com/wp-content/plugins/contact-form-7/includes/js/indexe2db.js]
[davisdigitalconsulting.com/wp-includes/js/dist/dom-ready.min5346.js]
[davisdigitalconsulting.com/wp-content/plugins/astra-sites/inc/lib/onboarding/assets/dist/template-preview/maina11c.js]
[www.google.com/recaptcha/api55e4.js]
[davisdigitalconsulting.com/wp-includes/js/dist/vendor/wp-polyfill.min2c7c.js]
[davisdigitalconsulting.com/wp-content/plugins/contact-form-7/modules/recaptcha/indexe2db.js]
[davisdigitalconsulting.com/wp-content/plugins/essential-addons-for-elementor-lite/assets/front-end/js/view/general.mindc24.js]
[davisdigitalconsulting.com/wp-content/plugins/elementor/assets/js/webpack.runtime.min2401.js]
[davisdigitalconsulting.com/wp-content/plugins/elementor/assets/js/frontend-modules.min2401.js]
[davisdigitalconsulting.com/wp-includes/js/jquery/ui/core.minb37e.js]
[davisdigitalconsulting.com/index.html]
[davisdigitalconsulting.com/wp-content/themes/astra/assets/css/minified/frontend.min287d.css]
[davisdigitalconsulting.com/wp-content/plugins/contact-form-7/includes/css/stylese2db.css]
[davisdigitalconsulting.com/wp-content/themes/astra/assets/css/minified/compatibility/contact-form-7-main.min287d.css]
[davisdigitalconsulting.com/wp-content/plugins/elementor/assets/css/frontend.min2401.css]
[davisdigitalconsulting.com/wp-content/plugins/elementor/assets/lib/swiper/v8/css/swiper.min94a4.css]
[davisdigitalconsulting.com/wp-content/plugins/elementor/assets/css/conditionals/e-swiper.min2401.css]
[davisdigitalconsulting.com/wp-content/uploads/elementor/css/post-1399357e.css]
[davisdigitalconsulting.com/wp-content/plugins/elementor/assets/lib/animations/animations.min2401.css]
[davisdigitalconsulting.com/wp-content/uploads/elementor/css/post-1463357e.css]
[davisdigitalconsulting.com/wp-content/plugins/essential-addons-for-elementor-lite/assets/front-end/css/view/general.mindc24.css]
[davisdigitalconsulting.com/wp-includes/js/jquery/jquery.minf43b.js]
[davisdigitalconsulting.com/wp-includes/js/jquery/jquery-migrate.min5589.js]
[davisdigitalconsulting.com/xmlrpc.php]
[davisdigitalconsulting.com/wp-content/uploads/2022/07/elementor/thumbs/Davis-6-psef5ybhhhvk036c4jepm09vgr0unxicpcvx7dydmc.html]
[davisdigitalconsulting.com/wp-content/uploads/2022/07/elementor/thumbs/Davis-6-psef5ybjba27f3exqwpgs4jf0rcankbxj1rofho7o0.html]
[davisdigitalconsulting.com/wp-content/plugins/elementor/assets/js/frontend.min2401.js]
[davisdigitalconsulting.com/wp-content/uploads/elementor/css/post-191651.css]
[davisdigitalconsulting.com/wp-content/plugins/elementor/assets/css/widget-divider.min2401.css]
[davisdigitalconsulting.com/wp-content/plugins/elementor/assets/css/widget-icon-list.min2401.css]
[davisdigitalconsulting.com/wp-content/plugins/elementor/assets/css/widget-spacer.min2401.css]
[davisdigitalconsulting.com/wp-content/plugins/elementor/assets/css/widget-accordion.min2401.css]
[davisdigitalconsulting.com/wp-content/plugins/elementor/assets/css/widget-counter.min2401.css]
[davisdigitalconsulting.com/about/index.html]
[davisdigitalconsulting.com/wp-content/plugins/elementor/assets/lib/jquery-numerator/jquery-numerator.min3958.js]
[davisdigitalconsulting.com/wp-content/uploads/elementor/css/post-211549.css]
[davisdigitalconsulting.com/services/index.html]
[davisdigitalconsulting.com/wp-content/uploads/2022/07/Post-Thumbnails-1.png]
[davisdigitalconsulting.com/wp-content/uploads/essential-addons-elementor/eael-19749fb9.css]
[davisdigitalconsulting.com/wp-content/uploads/elementor/css/post-1974d3da.css]
[davisdigitalconsulting.com/wp-content/uploads/2022/07/Davis-6.png]
[davisdigitalconsulting.com/wp-content/uploads/2022/08/3-1.png]
[davisdigitalconsulting.com/wp-content/uploads/2023/07/Case-Studies-500-×-500-px-1200-×-628-px-1.png]
[davisdigitalconsulting.com/wp-content/uploads/2023/07/Case-Studies-WP-Thumbnail.png]
[davisdigitalconsulting.com/wp-content/uploads/2024/02/Featured-Image-The-Most-Simple-WordPress-Backup-For-Free.png]
[davisdigitalconsulting.com/5-simple-seo-tips-for-startups/index.html]
[davisdigitalconsulting.com/wp-content/uploads/2023/09/magnet-magnetic-poles-magnetism-297698.png]
[davisdigitalconsulting.com/wp-content/uploads/2023/08/Post-Thumbnails-2.png]
[davisdigitalconsulting.com/digital-lead-generation-a-brief-overview/index.html]
[davisdigitalconsulting.com/start-outbound-calling/index.html]
[davisdigitalconsulting.com/case-study-law-firm/index.html]
[davisdigitalconsulting.com/wp-content/uploads/2023/07/Case-Studies-WP-Thumbnail-10.3c.delayed]
[davisdigitalconsulting.com/7-5x-ranked-organic-keywords/index.html]
[davisdigitalconsulting.com/the-most-simple-wordpress-backup-for-free/index.html]
[davisdigitalconsulting.com/wp-content/uploads/2023/07/Case-Studies-WP-Thumbnail-7.png]
[davisdigitalconsulting.com/lead-magnets-the-easy-way/index.html]
[davisdigitalconsulting.com/wp-content/uploads/2023/07/Case-Studies-WP-Thumbnail-6.png]
[davisdigitalconsulting.com/paid-ads-a-brief-overview/index.html]
[davisdigitalconsulting.com/wp-content/plugins/elementor/assets/lib/font-awesome/css/all.mindc24.css]
[davisdigitalconsulting.com/85-cpc-reduction/index.html]
[davisdigitalconsulting.com/e-com-keyword-traffic/index.html]
[davisdigitalconsulting.com/wp-content/plugins/elementor/assets/lib/font-awesome/css/v4-shims.mindc24.css]
[davisdigitalconsulting.com/8x-roi-case-study/index.html]
[davisdigitalconsulting.com/wp-content/plugins/elementor/assets/css/widget-image-box.min2401.css]
[davisdigitalconsulting.com/blog/index.html]
[davisdigitalconsulting.com/wp-content/uploads/essential-addons-elementor/eael-19749fb9.js]
[davisdigitalconsulting.com/wp-content/uploads/essential-addons-elementor/eael-28148ea5.css]
[davisdigitalconsulting.com/wp-content/uploads/elementor/css/post-28145188.css]
[davisdigitalconsulting.com/wp-content/uploads/2023/07/Case-Studies-500-×-500-px-1200-×-628-px-2-1.png]
[davisdigitalconsulting.com/wp-content/uploads/2023/07/Case-Studies-WP-Thumbnail-1.png]
[davisdigitalconsulting.com/wp-content/uploads/2023/07/Case-Studies-WP-Thumbnail-2.png]
[davisdigitalconsulting.com/web-traffic-recovery/index.html]
[davisdigitalconsulting.com/752-leads-in-90-days/index.html]
[davisdigitalconsulting.com/wp-content/uploads/2023/07/Case-Studies-WP-Thumbnail-9.png]
[davisdigitalconsulting.com/400-increase-in-backlinks/index.html]
[davisdigitalconsulting.com/case-studies/index.html]
[davisdigitalconsulting.com/wp-content/uploads/essential-addons-elementor/eael-28148ea5.js]
[davisdigitalconsulting.com/400-increase-in-backlinks-copy/index.html]
[davisdigitalconsulting.com/wp-content/uploads/2022/03/Davis-2-150x150.png]
[davisdigitalconsulting.com/wp-content/uploads/essential-addons-elementor/eael-27760b39.css]
[davisdigitalconsulting.com/wp-content/uploads/elementor/css/post-27762800.css]
[static.hsappstatic.net/MeetingsEmbed/ex/MeetingsEmbedCode.js]
[davisdigitalconsulting.com/wp-content/plugins/elementor/assets/css/widget-video.min2401.css]
[davisdigitalconsulting.com/get-started/index.html]
[davisdigitalconsulting.com/wp-content/uploads/essential-addons-elementor/eael-27760b39.js]
[live.staticflickr.com/65535/53016976270_33f2d9a72f_k.jpg]
[davisdigitalconsulting.com/wp-content/uploads/elementor/css/post-203344f1.css]
[live.staticflickr.com/65535/53016975990_aa48a0ffc4_k.jpg]
[live.staticflickr.com/65535/53017071778_7c9ee5b10a_k.jpg]
[davisdigitalconsulting.com/web-design-services/index.html]
[live.staticflickr.com/65535/53016005852_bf06e782c0_k.jpg]
[davisdigitalconsulting.com/wp-content/uploads/elementor/css/post-2027315b.css]
[live.staticflickr.com/65535/53016005862_98fbd50a5f_k.jpg]
[live.staticflickr.com/65535/53016590736_cd56a423fb_k.jpg]
[davisdigitalconsulting.com/seo-services/index.html]
[live.staticflickr.com/65535/53016589416_5576dc1afc_k.jpg]
[davisdigitalconsulting.com/social-media-management/index.html]
[live.staticflickr.com/65535/53016975315_db2f8b524b_k.jpg]
[davisdigitalconsulting.com/ads-management/index.html]
[davisdigitalconsulting.com/wp-content/uploads/elementor/css/post-20454817.css]
[live.staticflickr.com/65535/53016750774_ec756ac783_k.jpg]
[davisdigitalconsulting.com/wp-content/uploads/elementor/css/post-2051a2c0.css]
[live.staticflickr.com/65535/53016590871_dde308533e_k.jpg]
[live.staticflickr.com/65535/53016975445_3acecfb945_k.jpg]
[davisdigitalconsulting.com/ecommerce/index.html]
[davisdigitalconsulting.com/wp-content/uploads/elementor/css/post-20565a68.css]
[davisdigitalconsulting.com/voip-sms-rvm/index.html]
[davisdigitalconsulting.com/wp-content/uploads/elementor/css/post-3007b952.css]
[davisdigitalconsulting.com/privacy-policy-2/index.html]
[davisdigitalconsulting.com/wp-content/plugins/elementor/assets/css/widget-heading.min2401.css]
[davisdigitalconsulting.com/wp-content/plugins/elementor/assets/css/widget-text-editor.min2401.css]
[davisdigitalconsulting.com/wp-content/plugins/elementor/assets/css/widget-image.min2401.css]
[davisdigitalconsulting.com/wp-content/plugins/elementor/assets/css/widget-icon-box.min2401.css]
[davisdigitalconsulting.com/wp-content/plugins/elementor/assets/css/widget-testimonial.min2401.css]
[davisdigitalconsulting.com/wp-content/themes/astra/assets/js/minified/frontend.min287d.js]
[davisdigitalconsulting.com/wp-includes/js/dist/hooks.min2757.js]
[davisdigitalconsulting.com/wp-includes/js/dist/i18n.minc33c.js]
[davisdigitalconsulting.com/wp-content/plugins/contact-form-7/includes/swv/js/indexe2db.js]
[davisdigitalconsulting.com/wp-content/plugins/contact-form-7/includes/js/indexe2db.js]
[davisdigitalconsulting.com/wp-includes/js/dist/dom-ready.min5346.js]
[davisdigitalconsulting.com/wp-content/plugins/astra-sites/inc/lib/onboarding/assets/dist/template-preview/maina11c.js]
[davisdigitalconsulting.com/wp-includes/js/dist/vendor/wp-polyfill.min2c7c.js]
[davisdigitalconsulting.com/wp-content/plugins/contact-form-7/modules/recaptcha/indexe2db.js]
[davisdigitalconsulting.com/terms-and-conditions/index.html]
[davisdigitalconsulting.com/wp-content/plugins/essential-addons-for-elementor-lite/assets/front-end/js/view/general.mindc24.js]
[davisdigitalconsulting.com/wp-content/plugins/elementor/assets/js/webpack.runtime.min2401.js]
[davisdigitalconsulting.com/wp-content/plugins/elementor/assets/js/frontend-modules.min2401.js]
[davisdigitalconsulting.com/wp-includes/js/jquery/ui/core.minb37e.js]
[davisdigitalconsulting.com/-negative.svg]
[davisdigitalconsulting.com/wp-content/plugins/elementor/assets/js/frontend.min2401.js]
[davisdigitalconsulting.com/wp-content/uploads/2020/01/about-bg-img.jpg]
[davisdigitalconsulting.com/OPR/index.html]
[davisdigitalconsulting.com/wp-content/uploads/2020/06/home-hero-bg.jpg]
[davisdigitalconsulting.com/wp-content/uploads/elementor/css/post-191651.css]
[davisdigitalconsulting.com/wp-content/plugins/elementor/assets/css/widget-divider.min2401.css]
[davisdigitalconsulting.com/wp-content/plugins/elementor/assets/css/widget-icon-list.min2401.css]
[davisdigitalconsulting.com/wp-content/plugins/elementor/assets/css/widget-spacer.min2401.css]
[davisdigitalconsulting.com/wp-content/plugins/elementor/assets/css/widget-accordion.min2401.css]
[davisdigitalconsulting.com/wp-content/plugins/elementor/assets/css/widget-counter.min2401.css]
[davisdigitalconsulting.com/wp-content/plugins/elementor/assets/lib/jquery-numerator/jquery-numerator.min3958.js]
[davisdigitalconsulting.com/wp-content/uploads/elementor/css/post-211549.css]
[davisdigitalconsulting.com/wp-content/uploads/essential-addons-elementor/eael-19749fb9.css]
[davisdigitalconsulting.com/wp-content/uploads/2022/07/logo-blue.png]
[davisdigitalconsulting.com/wp-content/uploads/elementor/css/post-1974d3da.css]
[davisdigitalconsulting.com/wp-content/uploads/essential-addons-elementor/eael-1747fc5e.css]
[davisdigitalconsulting.com/wp-content/uploads/elementor/css/post-1747b664.css]
[davisdigitalconsulting.com/wp-content/uploads/2022/07/Post-Thumbnails-min-1024x536.png]
[davisdigitalconsulting.com/wp-content/uploads/2022/07/Davis-6-150x150.png]
[davisdigitalconsulting.com/wp-content/uploads/2024/02/Featured-Image-The-Most-Simple-WordPress-Backup-For-Free-150x150.png]
[davisdigitalconsulting.com/wp-content/uploads/2023/09/magnet-magnetic-poles-magnetism-297698-150x150.png]
[davisdigitalconsulting.com/wp-content/uploads/2023/08/Post-Thumbnails-2-150x150.png]
[davisdigitalconsulting.com/wp-includes/js/comment-reply.min40d6.js]
[davisdigitalconsulting.com/5-simple-seo-tips-for-startups/index.html]
[davisdigitalconsulting.com/wp-content/uploads/essential-addons-elementor/eael-1747fc5e.js]
[davisdigitalconsulting.com/wp-content/uploads/essential-addons-elementor/eael-19191324.css]
[davisdigitalconsulting.com/wp-content/uploads/elementor/css/post-19194127.css]
[davisdigitalconsulting.com/digital-lead-generation-a-brief-overview/index.html]
[davisdigitalconsulting.com/wp-content/uploads/essential-addons-elementor/eael-19191324.js]
[davisdigitalconsulting.com/wp-content/uploads/essential-addons-elementor/eael-26284628.css]
[davisdigitalconsulting.com/wp-content/uploads/elementor/css/post-262876e2.css]
[davisdigitalconsulting.com/wp-content/uploads/2022/08/1-1.png]
[davisdigitalconsulting.com/start-outbound-calling/index.html]
[davisdigitalconsulting.com/case-study-law-firm/index.html]
[davisdigitalconsulting.com/7-5x-ranked-organic-keywords/index.html]
[davisdigitalconsulting.com/wp-content/uploads/essential-addons-elementor/eael-26284628.js]
[davisdigitalconsulting.com/wp-content/uploads/essential-addons-elementor/eael-334041ea.css]
[davisdigitalconsulting.com/wp-content/uploads/elementor/css/post-33406299.css]
[davisdigitalconsulting.com/wp-content/uploads/2022/07/Davis-6-300x300.png]
[davisdigitalconsulting.com/the-most-simple-wordpress-backup-for-free/index.html]
[davisdigitalconsulting.com/wp-content/uploads/essential-addons-elementor/eael-334041ea.js]
[davisdigitalconsulting.com/wp-content/uploads/essential-addons-elementor/eael-32409fc1.css]
[davisdigitalconsulting.com/wp-content/uploads/elementor/css/post-324027b0.css]
[live.staticflickr.com/65535/53016975970_a1cb8651fe_k.jpg]
[davisdigitalconsulting.com/wp-content/uploads/2024/02/Davis-2-150x150.png]
[davisdigitalconsulting.com/lead-magnets-the-easy-way/index.html]
[davisdigitalconsulting.com/wp-content/uploads/essential-addons-elementor/eael-32409fc1.js]
[davisdigitalconsulting.com/wp-content/uploads/essential-addons-elementor/eael-32211908.css]
[davisdigitalconsulting.com/wp-content/uploads/elementor/css/post-3221b050.css]
[davisdigitalconsulting.com/paid-ads-a-brief-overview/index.html]
[davisdigitalconsulting.com/85-cpc-reduction/index.html]
[davisdigitalconsulting.com/e-com-keyword-traffic/index.html]
[davisdigitalconsulting.com/8x-roi-case-study/index.html]
[davisdigitalconsulting.com/wp-content/uploads/essential-addons-elementor/eael-32211908.js]
[davisdigitalconsulting.com/wp-content/plugins/elementor/assets/lib/font-awesome/webfonts/fa-brands-400.eot]
[davisdigitalconsulting.com/wp-content/plugins/elementor/assets/lib/font-awesome/webfonts/fa-brands-400d41d.eot]
[davisdigitalconsulting.com/wp-content/plugins/elementor/assets/lib/font-awesome/webfonts/fa-brands-400.woff2]
[davisdigitalconsulting.com/wp-content/plugins/elementor/assets/lib/font-awesome/webfonts/fa-brands-400.woff]
[davisdigitalconsulting.com/wp-content/plugins/elementor/assets/lib/font-awesome/webfonts/fa-brands-400.ttf]
[davisdigitalconsulting.com/wp-content/plugins/elementor/assets/lib/font-awesome/webfonts/fa-brands-400.svg]
[davisdigitalconsulting.com/wp-content/plugins/elementor/assets/lib/font-awesome/webfonts/fa-regular-400.eot]
[davisdigitalconsulting.com/wp-content/plugins/elementor/assets/lib/font-awesome/webfonts/fa-regular-400d41d.eot]
[davisdigitalconsulting.com/wp-content/plugins/elementor/assets/lib/font-awesome/webfonts/fa-regular-400.woff2]
[davisdigitalconsulting.com/wp-content/plugins/elementor/assets/lib/font-awesome/webfonts/fa-regular-400.woff]
[davisdigitalconsulting.com/wp-content/plugins/elementor/assets/lib/font-awesome/webfonts/fa-regular-400.ttf]
[davisdigitalconsulting.com/wp-content/plugins/elementor/assets/lib/font-awesome/webfonts/fa-regular-400.svg]
[davisdigitalconsulting.com/wp-content/plugins/elementor/assets/lib/font-awesome/webfonts/fa-solid-900.eot]
[davisdigitalconsulting.com/wp-content/plugins/elementor/assets/lib/font-awesome/webfonts/fa-solid-900d41d.eot]
[davisdigitalconsulting.com/wp-content/plugins/elementor/assets/lib/font-awesome/webfonts/fa-solid-900.woff2]
[davisdigitalconsulting.com/wp-content/plugins/elementor/assets/lib/font-awesome/webfonts/fa-solid-900.woff]
[davisdigitalconsulting.com/wp-content/plugins/elementor/assets/lib/font-awesome/webfonts/fa-solid-900.ttf]
[davisdigitalconsulting.com/wp-content/plugins/elementor/assets/lib/font-awesome/css/all.mindc24.css]
[davisdigitalconsulting.com/wp-content/plugins/elementor/assets/lib/font-awesome/css/v4-shims.mindc24.css]
[davisdigitalconsulting.com/wp-content/plugins/elementor/assets/css/widget-image-box.min2401.css]
[davisdigitalconsulting.com/wp-content/uploads/essential-addons-elementor/eael-19749fb9.js]
[davisdigitalconsulting.com/wp-content/uploads/essential-addons-elementor/eael-28148ea5.css]
[davisdigitalconsulting.com/wp-content/uploads/elementor/css/post-28145188.css]
[davisdigitalconsulting.com/web-traffic-recovery/index.html]
[davisdigitalconsulting.com/752-leads-in-90-days/index.html]
[davisdigitalconsulting.com/400-increase-in-backlinks/index.html]
[davisdigitalconsulting.com/400-increase-in-backlinks-copy/index.html]
[davisdigitalconsulting.com/wp-content/uploads/essential-addons-elementor/eael-28148ea5.js]
[davisdigitalconsulting.com/wp-content/uploads/essential-addons-elementor/eael-27760b39.css]
[davisdigitalconsulting.com/wp-content/uploads/elementor/css/post-27762800.css]
[davisdigitalconsulting.com/wp-content/plugins/elementor/assets/css/widget-video.min2401.css]
[davisdigitalconsulting.com/wp-content/plugins/elementor/assets/css/widget-menu-anchor.min2401.css]
[davisdigitalconsulting.com/wp-content/uploads/essential-addons-elementor/eael-27760b39.js]
[davisdigitalconsulting.com/wp-content/plugins/elementor/assets/lib/font-awesome/webfonts/fa-solid-900.svg]
[davisdigitalconsulting.com/wp-content/uploads/2019/12/footer-bg.jpg]
[davisdigitalconsulting.com/wp-content/uploads/elementor/css/post-203344f1.css]
[davisdigitalconsulting.com/wp-content/uploads/elementor/css/post-2027315b.css]
[davisdigitalconsulting.com/wp-content/uploads/elementor/css/post-20454817.css]
[davisdigitalconsulting.com/wp-content/uploads/elementor/css/post-2051a2c0.css]
[davisdigitalconsulting.com/wp-content/uploads/elementor/css/post-20565a68.css]
[davisdigitalconsulting.com/wp-content/uploads/elementor/css/post-3007b952.css]
[davisdigitalconsulting.com/wp-content/uploads/elementor/css/post-2040815a.css]
[davisdigitalconsulting.com/wp-content/uploads/2023/07/info-image.png]
[davisdigitalconsulting.com/wp-content/uploads/elementor/css/post-300049a6.css]
[davisdigitalconsulting.com/terms-and-conditions/index.html]
[davisdigitalconsulting.com/-negative.html]
[davisdigitalconsulting.com/OPR/index.html]
[davisdigitalconsulting.com/wp-content/uploads/essential-addons-elementor/eael-1747fc5e.css]
[davisdigitalconsulting.com/wp-content/uploads/elementor/css/post-1747b664.css]
[davisdigitalconsulting.com/wp-includes/js/comment-reply.min40d6.js]
[davisdigitalconsulting.com/wp-content/uploads/essential-addons-elementor/eael-1747fc5e.js]
[davisdigitalconsulting.com/wp-content/uploads/essential-addons-elementor/eael-19191324.css]
[davisdigitalconsulting.com/wp-content/uploads/elementor/css/post-19194127.css]
[davisdigitalconsulting.com/wp-content/uploads/essential-addons-elementor/eael-19191324.js]
[davisdigitalconsulting.com/wp-content/uploads/essential-addons-elementor/eael-26284628.css]
[davisdigitalconsulting.com/wp-content/uploads/elementor/css/post-262876e2.css]
[davisdigitalconsulting.com/wp-content/uploads/essential-addons-elementor/eael-26284628.js]
[davisdigitalconsulting.com/wp-content/uploads/essential-addons-elementor/eael-334041ea.css]
[davisdigitalconsulting.com/wp-content/uploads/elementor/css/post-33406299.css]
[davisdigitalconsulting.com/wp-content/uploads/essential-addons-elementor/eael-334041ea.js]
[davisdigitalconsulting.com/wp-content/uploads/essential-addons-elementor/eael-32409fc1.css]
[davisdigitalconsulting.com/wp-content/uploads/elementor/css/post-324027b0.css]
[davisdigitalconsulting.com/wp-content/uploads/essential-addons-elementor/eael-32409fc1.js]
[davisdigitalconsulting.com/wp-content/uploads/essential-addons-elementor/eael-32211908.css]
[davisdigitalconsulting.com/wp-content/uploads/elementor/css/post-3221b050.css]
[davisdigitalconsulting.com/wp-content/uploads/essential-addons-elementor/eael-32211908.js]
[davisdigitalconsulting.com/wp-content/plugins/elementor/assets/lib/font-awesome/webfonts/fa-brands-400.svg]
[davisdigitalconsulting.com/wp-content/plugins/elementor/assets/lib/font-awesome/webfonts/fa-regular-400.svg]
[davisdigitalconsulting.com/wp-content/plugins/elementor/assets/lib/font-awesome/webfonts/fa-solid-900.svg]
[davisdigitalconsulting.com/wp-content/uploads/elementor/css/post-2040815a.css]
[davisdigitalconsulting.com/wp-content/uploads/elementor/css/post-300049a6.css]
